version https://git-lfs.github.com/spec/v1
oid sha256:04ec42f0cc09390c6bb8f58e9ebca5e0c263a0251f2ef8991ca880630e7270a5
size 234
