version https://git-lfs.github.com/spec/v1
oid sha256:fcddae09155324476862da5640bc5ee76220aea6d98390cd58f88dd78fb92955
size 145
