version https://git-lfs.github.com/spec/v1
oid sha256:4b0a9069edc35b3659a5a3e94dbee649a1818951e2c5d2e9be34a63cf5dfe034
size 404
