version https://git-lfs.github.com/spec/v1
oid sha256:9659ee3f806065c6a2dd92b3cef9f485d76500e33a33d63e149ae4c6a0428ef1
size 234
