version https://git-lfs.github.com/spec/v1
oid sha256:1c083e50947133e5f556ae5bd25bf04bc595e81881860dc07396aee63af6122d
size 321
