version https://git-lfs.github.com/spec/v1
oid sha256:6384dcd5e45820ff3b9e0741b70824d6b77889e386eca0b05137a9b01213f299
size 236
