version https://git-lfs.github.com/spec/v1
oid sha256:93811d71bddcfe90a0278c7d2862a65efc6c13096c545a3a5e797ab40b1a4b46
size 687
