version https://git-lfs.github.com/spec/v1
oid sha256:eb2caac484eacaaa69423774c8eac2d1e3b1c3cdfd3fb628b8c6c69d2cca1636
size 403
