version https://git-lfs.github.com/spec/v1
oid sha256:52ade623c8ebe748f10356a473ad2ea695330c3bc3d9633f4ae7601ff6a554cf
size 336
