version https://git-lfs.github.com/spec/v1
oid sha256:eda6e393243d1bed895dd147647d7ddf93784bf7365feaa74371c2980371b37f
size 1058
