version https://git-lfs.github.com/spec/v1
oid sha256:482a842284810df7728c8afa13de709163c61de54f66f2d7dd41a43b601827ac
size 195
