version https://git-lfs.github.com/spec/v1
oid sha256:cfbe28ccc87c8d75abf465e5c4ff72151b57794d0616a9fd2266b1608a4ef5c2
size 272
