version https://git-lfs.github.com/spec/v1
oid sha256:8c2353323d55224318fb729687027b80ddb1b8b579b117a89bf1057ea736bb50
size 114
