version https://git-lfs.github.com/spec/v1
oid sha256:7e4faf97602bdeba0e9ed6bcf444e6ba8466e620058a2e717cec33bb5b5dedac
size 137
