version https://git-lfs.github.com/spec/v1
oid sha256:625d445dae68f805e028e9818c33962aea9f5e66356b548efeea8dc1d4c482ad
size 152
