version https://git-lfs.github.com/spec/v1
oid sha256:d88179d0a1b4388ab2c9e6f3538907f3202724428681aefccbd9c11421a9bf57
size 189
