version https://git-lfs.github.com/spec/v1
oid sha256:940c8c8039ca6d9a3624b7661a1fd0d24c63f9775e01fae0fe3ff8d1eea69c2a
size 336
