version https://git-lfs.github.com/spec/v1
oid sha256:b9c423796a2aef69bdfc869d34c9230eecf329baeb3202ffdbd63d65162cb9ae
size 326
