version https://git-lfs.github.com/spec/v1
oid sha256:b0ac83dbb00b103f49e7b3cfebd313521d820466ba0cbc5196b1a4acefe4c025
size 967
