version https://git-lfs.github.com/spec/v1
oid sha256:b76b5c3f1a2c3b67ac80882406c13c31a51570f4cd2222c1a0215cd131f6f74b
size 358
