version https://git-lfs.github.com/spec/v1
oid sha256:2cc977fcf058adf09227f6b5971d63c8beb7cc7e8dcec5a943011818447bae51
size 475
