version https://git-lfs.github.com/spec/v1
oid sha256:58655bbcbb63fec0b5b90adfbcdb8868786148c0d3d7f58ff5a089070451c26b
size 5487
