version https://git-lfs.github.com/spec/v1
oid sha256:86e39fe39359bea34162926bcc3f64bebe915564e9f0a2cfc383dba22108a9f2
size 91
