version https://git-lfs.github.com/spec/v1
oid sha256:4860b1f0dabe370e2dd8c28e7e7d5fa09a714db095b847fd57954508487d7d07
size 88
