version https://git-lfs.github.com/spec/v1
oid sha256:9a1e700c2073930c22aafc20fd2949ece7a5e4d104503ce5d24fa07e42a015dc
size 2025
