version https://git-lfs.github.com/spec/v1
oid sha256:daa1aae7e18732019bed7250e0bf74ce605be822269fe68afae60820050d1176
size 1213
