version https://git-lfs.github.com/spec/v1
oid sha256:149029671d7a900f53ff289e1cf2fb8af26c2fcd263c1e9b330bd2846a71ebe5
size 2029
