version https://git-lfs.github.com/spec/v1
oid sha256:a0db181eb319d9800b8269a6e1a488932335f32710494b90bf814a713137b41e
size 2033
