version https://git-lfs.github.com/spec/v1
oid sha256:bfbca507d9b3657b69c21eb1f44b0c349c877f9d88bb88d4b2f4b7ec64a82b69
size 743
