version https://git-lfs.github.com/spec/v1
oid sha256:9f32c41331d77a94b42c281062b6a9453bba9c77aaf4145e3aa437003e46b10a
size 1108
