version https://git-lfs.github.com/spec/v1
oid sha256:e37c2780256691d55000b4720d2b3728c13f53dae7fe0734a1d423f71e6100c3
size 3914
