version https://git-lfs.github.com/spec/v1
oid sha256:81a78bc5cfd0338d3de2c3687a32774a7c39cb643ca395793afa69d19aef20c6
size 2030
