version https://git-lfs.github.com/spec/v1
oid sha256:4b89405c3ab02824cebb89ee2626bed422af6877cb296aea26938b06d93c664a
size 302
