version https://git-lfs.github.com/spec/v1
oid sha256:2891e07a82bb33e801fd53db8d027f2ca1a8ff3b53db583a8602a2a00597c1a6
size 128
