version https://git-lfs.github.com/spec/v1
oid sha256:819c875146a6f4c01effac4e8d9f196c3472ea1ffdd30b5f2d7ffd6ce9ca5423
size 652
