version https://git-lfs.github.com/spec/v1
oid sha256:bc7cbf74ed6638f6da2b81837e2ec1eb9f79213031cfb7e681028f1ac6f9c184
size 1092
