version https://git-lfs.github.com/spec/v1
oid sha256:fbe6e8b59a06c4e19a3ffe014d48e127a91db91449b9de90c875ffaca6f318cf
size 290
