version https://git-lfs.github.com/spec/v1
oid sha256:9824710ed197548fa60b552166d518e3849f32773c1d62138d88215643ef1d67
size 79
