version https://git-lfs.github.com/spec/v1
oid sha256:741bd3935a6a277581aa15f86a24ea5b00a57d1d10363e55f775e75a19971c70
size 184
