version https://git-lfs.github.com/spec/v1
oid sha256:d262f37261195fca7542867502caf52fca3b4e100c366208adfc9ef4aaa57c8f
size 86
