version https://git-lfs.github.com/spec/v1
oid sha256:db35fef1174e1cff2c4b6ae768ee120aa5b29437b34d3d7e7a421e210ba388df
size 153
