version https://git-lfs.github.com/spec/v1
oid sha256:7819e3ccfa90439c9aad21b76b48e56eccd3c8a4fbaf5ef459b9d0ecc8a3ae70
size 116
