version https://git-lfs.github.com/spec/v1
oid sha256:80a4165cebbfde4fcd624693c6d5e55d5af2ac276d0618a4ffd995ae3f3f6e7c
size 119
