version https://git-lfs.github.com/spec/v1
oid sha256:b1252a3256686cdf2cac083b85645ad238881d879f37b0811c49b2f6e30cf13e
size 116
