version https://git-lfs.github.com/spec/v1
oid sha256:937ab3e6df22aae769dda2f0307a46859843f2e86a54dd79b158db681f5bac40
size 509
