version https://git-lfs.github.com/spec/v1
oid sha256:3af99449b6a219a1d70340596549c45165539febee61b3f7260a7bd03366d99d
size 928
