version https://git-lfs.github.com/spec/v1
oid sha256:6375e1b6428c7bca78e430b6fabbfb2a5ed4f9f6e099bb794b6f5145477e1cff
size 112
