version https://git-lfs.github.com/spec/v1
oid sha256:dbd74bb4c1cc922309f2640a27781eea353fc1d7d601095680e334a2a2da6865
size 114
