version https://git-lfs.github.com/spec/v1
oid sha256:70aaf51f2458d9fa927ae03691b41a74b998b67a4e0096809cb9dc7c234e79ec
size 489
