version https://git-lfs.github.com/spec/v1
oid sha256:afe7ba4262c7b3bd1fb92c975aa8123ed470131c1a65423603c306f642acafc0
size 507
